O B-airport_name I-airport_name O O O O O O O O O
O O O O O O O B-airport_name I-airport_name B-city_name I-city_name O O B-city_name
O O O O O B-city_name
O O O O O B-city_name I-city_name
O O O O O O B-city_name O B-day_name B-period_of_day
O O O O O O O O O O O B-city_name B-period_of_day B-period_of_day
O O O O O B-transport_type O B-city_name B-state_code
O O O O O B-transport_type O B-city_name
O O O O O O B-city_name
O O O O O O B-airport_name I-airport_name I-airport_name I-airport_name O O B-city_name
O O O O O O B-airport_name I-airport_name O O B-city_name
O O O O O O B-airport_name I-airport_name O O B-city_name
O O O O O O B-airport_code O O B-city_name
O O O O O O B-airport_name I-airport_name O O B-city_name
O O O O O B-city_name
O O O O O O O O B-city_name
O O O O O B-city_name I-city_name
O O O O O O O B-airport_name I-airport_name
O O O O O O O B-airport_name I-airport_name
O O O O O O O B-airport_name I-airport_name I-airport_name I-airport_name
O O O O O O O B-airport_name I-airport_name
O O O O O B-transport_type O B-city_name
O O O B-city_name I-city_name
O O O B-city_name I-city_name
O O O O O B-city_name
O O O O O B-city_name I-city_name
O O O O O O B-city_name
O O O O B-city_name
O O O O O O B-airport_name I-airport_name O O O O O O O O O O B-period_of_day
O O O O O O B-airport_name I-airport_name I-airport_name O B-city_name I-city_name I-city_name
O O O O O B-airport_code O B-city_name I-city_name I-city_name
O O O O O O B-airport_code O B-city_name I-city_name I-city_name
O O O O O B-airport_code O B-city_name I-city_name I-city_name
O O O O O O O B-airport_name I-airport_name
O O O O O O O O O B-airport_name I-airport_name I-airport_name
O O B-transport_type I-transport_type O O B-airport_name I-airport_name
