O B-meal O O O B-airline_name O B-flight_number O B-fromloc.city_name O B-toloc.city_name
O B-meal O O O B-airline_name O B-flight_number I-flight_number O B-fromloc.city_name O B-toloc.city_name
O B-meal O O O B-airline_code B-flight_number O O O O B-toloc.city_name I-toloc.city_name O B-arrive_time.time I-arrive_time.time
O B-meal O O O O B-flight_number O B-fromloc.city_name O B-toloc.city_name B-toloc.state_code O B-depart_date.day_name B-depart_time.period_of_day
O B-meal O O O B-airline_name I-airline_name
O B-meal_description O O B-airline_name I-airline_name
