O B-depart_date.month_name B-depart_date.day_number O O O O O B-fromloc.city_name O B-toloc.city_name I-toloc.city_name O B-depart_time.time_relative B-depart_time.time I-depart_time.time
O O O B-cost_relative I-cost_relative B-round_trip I-round_trip O O B-fromloc.city_name O B-toloc.city_name I-toloc.city_name
O O O B-cost_relative B-round_trip I-round_trip B-class_type O O B-fromloc.city_name I-fromloc.city_name O B-toloc.city_name
O O O B-cost_relative B-round_trip I-round_trip B-class_type O O B-airline_code O B-fromloc.city_name I-fromloc.city_name O B-toloc.city_name
O O O O O O O O B-fromloc.city_name O B-toloc.city_name
O O O B-class_type I-class_type B-round_trip I-round_trip O O O B-fromloc.city_name O B-toloc.city_name
O O O O B-airline_name I-airline_name O B-flight_number O B-fromloc.airport_code O B-toloc.airport_code
O B-class_type I-class_type O B-round_trip I-round_trip O B-fromloc.city_name O B-toloc.city_name
O O O O O O B-class_type I-class_type B-round_trip I-round_trip O O B-fromloc.city_name O B-toloc.city_name I-toloc.city_name
O O O O O O B-round_trip I-round_trip B-class_type I-class_type O O B-fromloc.city_name O B-toloc.city_name I-toloc.city_name
O O O B-cost_relative B-round_trip I-round_trip O O B-fromloc.city_name O B-toloc.city_name
O O O B-cost_relative B-round_trip I-round_trip O O B-fromloc.city_name I-fromloc.city_name O B-toloc.city_name
O O O B-cost_relative B-round_trip I-round_trip O O B-fromloc.city_name I-fromloc.city_name O B-toloc.city_name O B-depart_date.month_name B-depart_date.day_number I-depart_date.day_number B-depart_date.year
O O O B-cost_relative B-round_trip I-round_trip O O B-fromloc.city_name I-fromloc.city_name O B-toloc.city_name O B-depart_date.month_name B-depart_date.day_number I-depart_date.day_number B-depart_date.year
O O B-round_trip I-round_trip O O B-fromloc.city_name O B-toloc.city_name O B-airline_name B-airline_name B-airline_name I-airline_name O B-airline_name I-airline_name
O O O O O O O O B-airline_code O B-fromloc.city_name O B-toloc.city_name
O O O O O O O O B-fromloc.city_name O B-toloc.city_name I-toloc.city_name B-round_trip I-round_trip O B-airline_code
O O O B-cost_relative O O O O O B-fromloc.city_name B-fromloc.state_code O B-toloc.city_name
O O O B-cost_relative O O B-fromloc.city_name B-fromloc.state_code O B-toloc.city_name
O O O B-cost_relative O O B-fromloc.city_name O B-toloc.city_name B-toloc.state_code
O O O B-fromloc.city_name B-fromloc.state_code O B-toloc.city_name
O O O B-fromloc.city_name B-fromloc.state_code O B-toloc.city_name O O O O
O O O B-fromloc.city_name B-fromloc.state_code O B-toloc.city_name
O O O O O O O B-fromloc.city_name O B-toloc.city_name O O B-depart_date.day_name
O O O B-fromloc.city_name O B-toloc.city_name
O B-depart_date.day_name O O B-fromloc.city_name O B-toloc.city_name
O O O B-fromloc.city_name O B-toloc.city_name
O B-depart_date.day_name O O B-fromloc.city_name O B-toloc.city_name
O B-depart_date.day_name O O B-fromloc.city_name O B-toloc.city_name
O O B-depart_date.day_name O O B-fromloc.city_name O B-toloc.city_name
O O O O O B-fromloc.city_name O B-toloc.city_name
O O O O O B-fromloc.city_name B-fromloc.state_name O B-toloc.city_name
O O O B-round_trip I-round_trip O O B-fromloc.city_name O B-toloc.city_name O B-depart_date.day_name B-depart_time.period_of_day B-or B-depart_date.day_name B-depart_time.period_of_day
O O O B-class_type I-class_type B-round_trip I-round_trip O B-fromloc.city_name O B-toloc.city_name I-toloc.city_name
O B-class_type B-round_trip I-round_trip O O B-fromloc.city_name O B-toloc.city_name I-toloc.city_name
O O O O O B-round_trip I-round_trip O O B-fromloc.city_name O B-toloc.city_name B-depart_date.date_relative B-depart_date.day_name
O O O O O B-fromloc.city_name O B-toloc.city_name B-depart_date.date_relative B-depart_date.day_name
B-cost_relative B-round_trip I-round_trip O O O B-fromloc.city_name O B-toloc.city_name O B-depart_date.month_name B-depart_date.day_number I-depart_date.day_number
B-cost_relative B-round_trip I-round_trip O O B-fromloc.city_name O B-toloc.city_name O B-depart_date.month_name B-depart_date.day_number I-depart_date.day_number
O O O O O B-fromloc.city_name O B-toloc.city_name B-cost_relative B-fare_amount I-fare_amount
O O O B-class_type O O B-fromloc.city_name O B-toloc.city_name
B-cost_relative O O B-fromloc.city_name O B-toloc.city_name O O B-depart_date.day_number I-depart_date.day_number O B-depart_date.month_name
B-cost_relative O B-round_trip I-round_trip O B-fromloc.city_name O B-toloc.city_name O B-depart_date.month_name B-depart_date.day_number I-depart_date.day_number
O O O O O O O B-fromloc.city_name O B-toloc.city_name B-toloc.state_code
O O O B-cost_relative I-cost_relative O O B-fromloc.city_name O B-toloc.city_name I-toloc.city_name I-toloc.city_name
O O O B-cost_relative O O B-fromloc.city_name B-fromloc.state_code O B-toloc.city_name I-toloc.city_name I-toloc.city_name
O O O B-cost_relative O O B-fromloc.airport_code O B-toloc.city_name I-toloc.city_name I-toloc.city_name
O O O O O O B-class_type I-class_type O O B-fromloc.city_name O B-toloc.city_name I-toloc.city_name O B-round_trip
O O B-cost_relative O O B-fromloc.city_name O B-toloc.city_name I-toloc.city_name
