O O O O O B-transport_type O B-city_name
O O O O O O O O B-city_name
O O O O B-transport_type O O B-city_name
O O O O B-transport_type O O B-airport_name I-airport_name
O O O O B-transport_type O O B-airport_name I-airport_name
O O O B-transport_type O O B-city_name I-city_name
O B-transport_type O O O B-city_name I-city_name I-city_name
