O O O O B-fromloc.city_name O B-toloc.city_name I-toloc.city_name
O O O O B-fromloc.city_name O B-toloc.city_name I-toloc.city_name
O O O O O B-fromloc.city_name I-fromloc.city_name O B-toloc.city_name I-toloc.city_name I-toloc.city_name
O O O O B-fromloc.airport_name I-fromloc.airport_name O B-depart_time.start_time O B-depart_time.end_time I-depart_time.end_time O B-depart_date.month_name B-depart_date.day_number
O O O O B-fromloc.city_name B-fromloc.state_code O B-toloc.city_name B-toloc.state_name
O O O O O B-fromloc.city_name
O O O O B-fromloc.city_name O B-toloc.city_name I-toloc.city_name
O O O O B-fromloc.city_name O B-toloc.city_name I-toloc.city_name I-toloc.city_name
O O O O B-fromloc.city_name O B-toloc.city_name I-toloc.city_name
O O O O O O O O O B-fromloc.city_name B-toloc.city_name O B-toloc.city_name I-toloc.city_name
O O O B-airline_code
O O O O O O O B-fromloc.city_name O B-toloc.city_name O B-fromloc.city_name O B-toloc.city_name I-toloc.city_name O O B-fromloc.city_name I-fromloc.city_name O B-toloc.city_name
O O O B-airline_code
O O O B-airline_code
O O O B-airline_code
O O O O B-fromloc.city_name O B-toloc.city_name I-toloc.city_name
O O O B-airline_code
O O O B-airline_code
O O O B-airline_code
O O O B-airline_code
O O O B-airline_code
O O O B-airline_code
O O O B-airline_code
O O O B-airline_code
O O O B-airline_code
O O O B-airline_code
O O O B-airline_code
O O O B-airline_code
O O O B-airline_code
O O O B-airline_code
O O O B-airline_code O O O
O O O B-airline_code
O O O O O B-fromloc.city_name O B-toloc.city_name I-toloc.city_name I-toloc.city_name
O O O B-city_name
O O O O O O O O B-city_name
O O O O B-toloc.city_name
O O O B-airline_code
O O O O O O O B-fromloc.city_name O B-toloc.city_name B-fromloc.city_name O B-toloc.city_name I-toloc.city_name O O B-fromloc.city_name I-fromloc.city_name O B-toloc.city_name
